start test
conversion
headers : 
[('WARC-Type', 'conversion'), ('WARC-Target-URI', 'http://0-50.ru/news/incident/2013-04-06/id_31240.html'), ('WARC-Date', '2023-09-21T09:40:08Z'), ('WARC-Record-ID', '<urn:uuid:c2c722d3-682b-42be-b58b-7e95e7e74da7>'), ('WARC-Refers-To', '<urn:uuid:60c59970-5c55-4336-805c-a84c0dae5be1>'), ('WARC-Block-Digest', 'sha1:7KSEVUGQQT4AOH64XL7FN7XMKGA4D5XM'), ('WARC-Identified-Content-Language', 'rus'), ('Content-Type', 'text/plain'), ('Content-Length', '15032')]
Новости 0-50.ru | Автобус, два грузовика и легковушка столкнулись на Рязанском проспекте в Москве |
|
Погода в Екатеринбурге и Свердловской области |
Что приготовить на ужин рецепт с фото |
Новости Екатеринбурга |
96women.ru - Живой Женский Журнал |
Главная
Редакция
Реклама
О проекте
RSS
Обратная связь
Все новости
Екатеринбург
Россия и мир
Образование
Недвижимость
Здоровье
Спорт
Происшествия
Транспорт
Новости компаний
Другая жизнь
Статьи
Автобус, два грузовика и легковушка столкнулись на Рязанском проспекте в Москве
Четыре автомобиля столкнулись в ночь на субботу на Рязанском проспекте в Москве.
В аварии участвовали автобус Higer, грузовик МАЗ, еще один грузовик и автомобиль KIA Sportage.
Автобус двигался по Рязанскому шоссе в сторону МКАД. Он врезался в ехавший впереди грузовик, который, в свою очередь, влетел в стоящий в правом ряду МАЗ. От сильного удара кабину грузовика буквально раздавило об прицеп МаЗа. Автобус откинуло в средний ряд, где он ударил автомобиль KIA.
В результате аварии пострадали несколько пассажиров автобуса, получившие незначительные ушибы и ссадины. Все пострадавшие от госпитализации отказались. Водитель одного из автомобилей скрылся с места происшествия.
Тэги: ДТП в Москве, ДТП на Рязанском проспекте, новости москвы
06.04.2013 11:40
Новости
В многоэтажке на улице Куйбышева произошел пожар
В 10 утра Екатеринбурге на улице Куйбышева 86 произошел пожар
В Полевском во дворе дома № 15 на Ялунина «Газель» насмерть сбила 80-летнего мужчину
водитель даже не заметил
В Екатеринбурге на перекрестке Ленина - Луначарского столкнулись трамваи № 18 и № 15
закрыто движение трамваев от УрФУ до гостиницы «Исеть»
В Екатеринбурге на перекрестке Белинского и Фрунзе Hyundai Accent сбил 14-летнюю девочку
Сегодня утром примерно в половине десятого
На трассе у Новоуральска студентка, торопившаяся на экзамен, перевернулась на Nissan Almera
Сегодня днем
На Фрезеровщиков 38-летняя женщина на Toyota Vitz сбила 62-летнюю женщину, протащила за собой и переехала
ДТП попало на видео
В Екатеринбурге на Кунарской Kia Sportage протаранил три припаркованных автомобиля и скрылся
в номере Kia Sportage запомнили сочетание 636СМ
На екатеринбургской объездной дороге автомобиль «Яндекс.Такси» влетел под фуру Iveсo
таксист погиб на месте
В Воронеже во дворе дома №77 на Калачеевской пьяный мужчина сжег Audi A8
свою
В Екатеринбурге у дома № 48 на Амудсена ВАЗ-2114 сбил 12-летнюю школьницу
пилот - 19-летний парень
Жители Эльмаша пошли на работу пешком в 20-градусный мороз
В микрорайоне Эльмаш в г. Екатеринбурге минувшей ночью прорвало трубу с холодной водой.
В Екатеринбурге из-за ДТП на перекрестке Победы и Ильича встали трамваи и автомобили
от Победы до улицы Уральских Рабочих скорость движения в потоке не выше 5 км в час
В Екатеринбурге у дома № 177 на Белинского 62-летний пациент избил врача скорой помощи
в районе десяти часов вечера
Ехавший в Рязань мужчина на трассе А-108 спас подорвавшегося участкового ОМВД «Марьина Роща»
Накануне на 222-м километре трассы
Взрыв метана на полигоне ТБО у Конаково под Тверью привел к пожару, который вряд ли ликвидируют в ближайшие дни
Жители Конаково и окрестностей жалуются на дым и зловоние
В Екатеринбурге у дома № 5/1 в переулке Красный злодеи ледорубом изувечили Cadillac, а ранее сожгли Toyota
принадлежащую этому же хозяину
В Екатеринбурге на Щербакова пробка из-за ДТП KIA Ceed, ВАЗ-2114 и Mazda
у ВАЗ-2114 не сработали тормоза
В Екатеринбурге на перекрестке Репина и Начдива Васильева Nissan Almera протаранил Daewoo Matiz
который двигался прямо на зеленый сигнал светофора
В Екатеринбурге во дворе дома № 65/4 на Авиационной подростки сожгли ВАЗ
Минувшей ночью
В Екатеринбурге на перекрестке Космонавтов и Шефской в ДТП сошлись Kia Spectra и Volkswagen Touareg
водитель которого нарушил ПДД
733 732 731 730 729 728 ... 1 >
Облако тегов
новости дом 2 2013 новости дом 2 2012 Пожар новости Дагестана погода в Москве беспорядки в Донецке новости Украины новости биатлона футбол России н Биатлон происшествия в Москве новости дом 2 сегодня новости Крыма сегодня новости Луганска сегодня убийство украина новости сегодня футбол сегодня санкции новости Славянска ДТП в Екатеринбурге Александр Мишарин сплетни дом 2 состав сборной России авария новости украины сегодня новости москвы новости Киева сегодня проишествия в москве новости киева США слухи на дом 2 новости дом 2 свежие новости дом 2 на сегодня Футбол футбол чемпионат России новости футбола новости Одессы авария в Екатеринбурге что происходит в Славянске новости Петербурга ДТП новости дом 2 новости екатеринбурга новости Луганска Владимир Путин операция в Славянске дом 2 свежие новости новости Севастополя новости Донецка Свердловская область дом 2 новости новости Крыма киев новости донецк новости сегодня Евгений Куйвашев новости Харькова санкции против России беспорядки в Киеве новости Краматорска
Главная | Карта сайта | RSS Feed
Новости
Дыхательные тренажеры , зачем и каковы их отличия
Какая основная причина давления, инсульта? Как доступным способом уйти от проблем с сосудами и жить до глубокой старости?
Дыхательные тренажеры: для чего они и каковы их отличия?
Пошив и продажа авточехлов для иномарок и отечественных автомобилей оптом и в розницу в Екатеринбурге
Официальный сервисный центр Whirlpool Corporation открыл свои двери жителям Екатеринбурга
Какие услуги можно получить по полису ОМС (обязательного медицинского страхования) бесплатно
Профилактика вирусных инфекций в рекомендациях кандидата медицинских наук, врача-инфекциониста высшей категории Щинова Андрея Ивановича
Новости СМИ2
Коллектив салонов оптики «ОЧКИ КУДЕЛИНОЙ» поздравляет горожан с наступающим 2020 годом!
Благотворительный фонд Антона Шипулина и Благотворительный фонд «Общества Малышева-73 «Добрые дела» откроют еще 4 спортивных объекта
В Екатеринбурге пройдет шестой Свердловский химический турнир
Антон Шипулин и Игорь Заводовский откроют в Екатеринбурге три новые площадки для занятий по воркауту
Межрегиональная общественная организация «Аистенок» проводит благотворительную акцию «Чашка тепла»
Екатеринбургский центр занятости приглашает граждан предпенсионного и пенсионного возраста на ярмарку вакансий
Благотворительный фонд Антона Шипулина предлагает студентам возможность воплотить свои идеи и получить финансовую поддержку
В Екатеринбурге перекроют движение по Красноармейской, Калинина, Шейнкмана, Попова, Мичурина и Тверитина
Все новости…
Актуально
Какая основная причина давления, инсульта? Как доступным способом уйти от проблем с сосудами и жить до глубокой старости?
Дыхательные тренажеры: для чего они и каковы их отличия?
Пошив и продажа авточехлов для иномарок и отечественных автомобилей оптом и в розницу в Екатеринбурге
Официальный сервисный центр Whirlpool Corporation открыл свои двери жителям Екатеринбурга
Какие услуги можно получить по полису ОМС (обязательного медицинского страхования) бесплатно
Екатеринбургский центр занятости предлагает горожанам записаться на консультацию на сайте Департамента по труду и занятости Свердловской области
Екатеринбургский центр занятости приглашает граждан предпенсионного возраста пройти бесплатное обучение
Что приготовить на ужин быстро и вкусно: салат из куриной грудки рецепт с фото своими руками или на заказ
Межрегиональная общественная организация «Аистенок» проводит благотворительную акцию «Мама, останься!»
Лечение синдрома хронической усталости с помощью дыхательных упражнений
Торт из морковки простой рецепт с фото своими руками или на заказ
Имущественные споры граждан при разводе (расторжении брака) в мировом суде: «Эксперт-Ком» Екатеринбург
Что приготовить на ужин быстро и вкусно: куриные маффины с грибами рецепт с фото пошагово
Что приготовить на ужин быстро и вкусно: открытый пирог с семгой и брокколи рецепт с фото
Что приготовить на ужин быстро и вкусно: ризотто с грибами и курицей рецепт с фото пошагово
Все актуальные сюжеты…
Сетевое издание Служба новостей 050 25 апреля 2017г. зарегистрировано в Федеральной службе по надзору в сфере связи,
информационных технологий и массовых коммуникаций (Роскомнадзор)
Свидетельство о регистрации ЭЛ № ФС77-69503
Учредитель общество с ограниченной ответственностью «Горсправка-ИНФО»
Главный редактор Давыдов А.В.
Руководитель проекта Николаев В.П.
Адрес электронной почты редакции 1@0-50.ru
Телефон редакции +7 (908) 914-27-00
Настоящий ресурс содержит материалы 18+
© Горсправка 2009-2019

